Stage 2 Gate 1 NI freeze preflight gate
timestamp_kst=2026-08-23T15:18:36+09:00
command=PowerShell Get-FileHash + JSON/JSONL parse + manifest/audit recount + git status --porcelain=v1 --untracked-files=all
exit_code=0

SHA_GATE passed=14/14
637f7b0fa0198241fbca84fbfbfbf2e590adb1dbf4168ee0e59a05cf9031796e  docs/decisions/DECISION_stage2_gate1_ni_contracts_adoption_20260823.md
8ed621ccf75f8ba9044799c96506bb00fbe39f881e6b1f8455b3752a4e495bc0  docs/reviews/incoming/EXTERNAL_REVIEW_stage2_gate1_n_insertion_contracts_claude_code_20260823.md
06d44af2e930429f63019a31777dd472d293411723b92d0d56e409ebe6af6b12  config/candidate_sources/n_insertion_g1_g4_source_registry_v1_20260823.json
2c5a1f4cf4eb89ac4be57878d41f77906cee9cfa21f6f87c1d751a600de7c9ff  config/phenomenon_contracts/n_insertion_contract_candidate_v1_20260823.json
60c3f44d847e0e183d763b5e02dab584a42c8d15ce08cebab4aa3020cec84427  config/environment_types/n_insertion_environment_types_candidate_v1_20260823.jsonl
10a5e81f299ba5b2eae65e1f2a14ee323ba4b6f7072ab37767f3a926fba111f3  phenomena/34_n_insertion/definition_stage2_candidate_v1_20260823.md
34ba06931c1947cd925d1ce1ec06eacca93c5c8cb3629da437eb4ecbc5d2ce91  docs/decisions/NOTE_n_insertion_yo_exploratory_query_candidate_20260823.md
f08dfe99ad94bc47a66ac3302c3c483a810946e20551441c81291425228ad15e  outputs/pilots/stage2_gate1_n_insertion_contracts_20260823/AUDIT_stage2_gate1_n_insertion_contracts_20260823.json
ea7e160f9cea3be1db6487e87bab33d65dc5c2778906cfacaf59c6101deb25d5  outputs/pilots/stage2_gate1_n_insertion_contracts_20260823/SHA256SUMS_stage2_gate1_n_insertion_contracts_20260823.txt
744bd8cb45769074b7299a8b553784b7cc9a436ac70f2479f1f674a98edb3ab6  config/target_queries/n_insertion_production_v1_20260818.json
12d811632a9c440e33fd76f814620c65e47113bdfda4ea058581b5e476c44050  config/join_contracts/n_insertion_variable_join_contract_v1_20260818.json
aa23b940d1e556df98cee5f332e8757f886ab098f468620fe084b93e90983513  phenomena/34_n_insertion/definition.md
e8de6907f632a5b64853a6386c7d510ba69852451322630dc43ea201fefa0680  work/literature_evidence_seven_phenomena_20260822/01_inventory/SOURCE_INVENTORY.jsonl
1e88f5513f4c57387954d6149d922ccfc20ad024cfb8df63d492d96e0924610a  work/literature_evidence_seven_phenomena_20260822/02_claims/CLAIM_EVIDENCE.jsonl

inventory_rows=362
claim_rows=156
needs_human_check=CLM-0008,CLM-0015,CLM-0026,CLM-0145,CLM-0151
CLM-0015.needs_human_check=true

year=2020 candidate=101638 intra=42604 inter=59034 joined=101638 equality=true
year=2021 candidate=206037 intra=81865 inter=124172 joined=206037 equality=true
year=2022 candidate=141966 intra=53759 inter=88207 joined=141966 equality=true
year=2023 candidate=123381 intra=45570 inter=77811 joined=123381 equality=true
year=2024 candidate=185401 intra=65109 inter=120292 joined=185401 equality=true
year=2025 candidate=183480 intra=64719 inter=118761 joined=183480 equality=true
totals candidate=941903 joined=941903 intra=353626 inter=588277
large_csv_rehash_or_scan=false

planned_outputs_absent=7/7
planned_partials_absent=7/7
baseline_status_lines=61
baseline_status_sha256=3573a33c001f64a158b1c2cfd8d6677944ed8ee2ebc8c9371bc6e18d528a8870
tracked_changes=docs/decisions/_INDEX.md,scripts/SCRIPTS_INDEX.md
preflight_passed=true
